// Jest Snapshot v1, https://goo.gl/fbAQLP

exports[`Claims container mounts correctly and matches the snapshot 1`] = `
<Component
  style={
    Object {
      "flex": 1,
    }
  }
>
  <LayoutWithNavigationBar
    loading={false}
  >
    <CredentialOverview
      claimsState={Object {}}
      loading={false}
    />
  </LayoutWithNavigationBar>
</Component>
`;
