// Jest Snapshot v1, https://goo.gl/fbAQLP

exports[`Claims container correctly changes scanning to false when qr code scanner is canceled 1`] = `
<View>
  <CredentialOverview
    claimsToRender={
      Object {
        "Contact": Array [
          Object {
            "claimData": Object {
              "email": "",
            },
            "credentialType": "Email",
            "id": "",
            "issuer": Object {
              "did": "",
            },
            "keyboardType": "email-address",
            "subject": "",
          },
          Object {
            "claimData": Object {
              "telephone": "",
            },
            "credentialType": "Mobile Phone",
            "id": "",
            "issuer": Object {
              "did": "",
            },
            "keyboardType": "phone-pad",
            "subject": "",
          },
          Object {
            "claimData": Object {
              "addressLine1": "",
              "addressLine2": "",
              "city": "",
              "country": "",
              "postalCode": "",
            },
            "credentialType": "Postal Address",
            "id": "",
            "issuer": Object {
              "did": "",
            },
            "subject": "",
          },
        ],
        "Other": Array [
          Object {
            "claimData": Object {
              "random": "thing",
              "something": "else",
            },
            "credentialType": "IdCard",
            "expires": 2019-08-10T00:00:00.000Z,
            "id": "1",
            "issuer": Object {
              "did": "123",
            },
            "subject": "123",
          },
          Object {
            "claimData": Object {
              "random": "thing",
              "something": "else",
            },
            "credentialType": "Passport",
            "id": "2",
            "issuer": Object {
              "did": "123",
            },
            "subject": "123",
          },
          Object {
            "claimData": Object {
              "documentNumber": "12345",
              "random": "thing",
              "something": "else",
            },
            "credentialType": "IdCard",
            "expires": 2019-07-04T00:00:00.000Z,
            "id": "2",
            "issuer": Object {
              "did": "123",
            },
            "subject": "123",
          },
        ],
        "Personal": Array [
          Object {
            "claimData": Object {
              "familyName": "",
              "givenName": "",
            },
            "credentialType": "Name",
            "id": "",
            "issuer": Object {
              "did": "",
            },
            "subject": "",
          },
        ],
      }
    }
    did=""
    onEdit={[MockFunction]}
  />
</View>
`;

exports[`Claims container correctly changes scanning to true when qr code scanner is started 1`] = `
<View>
  <CredentialOverview
    claimsToRender={
      Object {
        "Contact": Array [
          Object {
            "claimData": Object {
              "email": "",
            },
            "credentialType": "Email",
            "id": "",
            "issuer": Object {
              "did": "",
            },
            "keyboardType": "email-address",
            "subject": "",
          },
          Object {
            "claimData": Object {
              "telephone": "",
            },
            "credentialType": "Mobile Phone",
            "id": "",
            "issuer": Object {
              "did": "",
            },
            "keyboardType": "phone-pad",
            "subject": "",
          },
          Object {
            "claimData": Object {
              "addressLine1": "",
              "addressLine2": "",
              "city": "",
              "country": "",
              "postalCode": "",
            },
            "credentialType": "Postal Address",
            "id": "",
            "issuer": Object {
              "did": "",
            },
            "subject": "",
          },
        ],
        "Other": Array [
          Object {
            "claimData": Object {
              "random": "thing",
              "something": "else",
            },
            "credentialType": "IdCard",
            "expires": 2019-08-10T00:00:00.000Z,
            "id": "1",
            "issuer": Object {
              "did": "123",
            },
            "subject": "123",
          },
          Object {
            "claimData": Object {
              "random": "thing",
              "something": "else",
            },
            "credentialType": "Passport",
            "id": "2",
            "issuer": Object {
              "did": "123",
            },
            "subject": "123",
          },
          Object {
            "claimData": Object {
              "documentNumber": "12345",
              "random": "thing",
              "something": "else",
            },
            "credentialType": "IdCard",
            "expires": 2019-07-04T00:00:00.000Z,
            "id": "2",
            "issuer": Object {
              "did": "123",
            },
            "subject": "123",
          },
        ],
        "Personal": Array [
          Object {
            "claimData": Object {
              "familyName": "",
              "givenName": "",
            },
            "credentialType": "Name",
            "id": "",
            "issuer": Object {
              "did": "",
            },
            "subject": "",
          },
        ],
      }
    }
    did=""
    onEdit={[MockFunction]}
  />
</View>
`;

exports[`Claims container mounts correctly and matches the snapshot 1`] = `
<View>
  <CredentialOverview
    claimsToRender={
      Object {
        "Contact": Array [
          Object {
            "claimData": Object {
              "email": "",
            },
            "credentialType": "Email",
            "id": "",
            "issuer": Object {
              "did": "",
            },
            "keyboardType": "email-address",
            "subject": "",
          },
          Object {
            "claimData": Object {
              "telephone": "",
            },
            "credentialType": "Mobile Phone",
            "id": "",
            "issuer": Object {
              "did": "",
            },
            "keyboardType": "phone-pad",
            "subject": "",
          },
          Object {
            "claimData": Object {
              "addressLine1": "",
              "addressLine2": "",
              "city": "",
              "country": "",
              "postalCode": "",
            },
            "credentialType": "Postal Address",
            "id": "",
            "issuer": Object {
              "did": "",
            },
            "subject": "",
          },
        ],
        "Other": Array [
          Object {
            "claimData": Object {
              "random": "thing",
              "something": "else",
            },
            "credentialType": "IdCard",
            "expires": 2019-08-10T00:00:00.000Z,
            "id": "1",
            "issuer": Object {
              "did": "123",
            },
            "subject": "123",
          },
          Object {
            "claimData": Object {
              "random": "thing",
              "something": "else",
            },
            "credentialType": "Passport",
            "id": "2",
            "issuer": Object {
              "did": "123",
            },
            "subject": "123",
          },
          Object {
            "claimData": Object {
              "documentNumber": "12345",
              "random": "thing",
              "something": "else",
            },
            "credentialType": "IdCard",
            "expires": 2019-07-04T00:00:00.000Z,
            "id": "2",
            "issuer": Object {
              "did": "123",
            },
            "subject": "123",
          },
        ],
        "Personal": Array [
          Object {
            "claimData": Object {
              "familyName": "",
              "givenName": "",
            },
            "credentialType": "Name",
            "id": "",
            "issuer": Object {
              "did": "",
            },
            "subject": "",
          },
        ],
      }
    }
    did=""
    onEdit={[MockFunction]}
  />
</View>
`;
