// Jest Snapshot v1, https://goo.gl/fbAQLP

exports[`landing container mounts correctly and matches snapshot if loading 1`] = `<LoadingScreen />`;

exports[`landing container mounts correctly and matches snapshot if loading is finished 1`] = `
<LandingComponent
  handleButtonTap={[MockFunction]}
/>
`;
