// Jest Snapshot v1, https://goo.gl/fbAQLP

exports[`ErrorFallback should match the initial snapshot 1`] = `
<RNCSafeAreaView
  onInsetsChange={[Function]}
  style={
    Object {
      "flex": 1,
    }
  }
>
  <View
    style={
      Array [
        Object {
          "paddingBottom": 0,
          "paddingLeft": 0,
          "paddingRight": 0,
          "paddingTop": 0,
        },
        Object {
          "flex": 1,
          "paddingTop": 0,
        },
      ]
    }
  >
    <View
      style={
        Array [
          Object {
            "alignItems": "flex-start",
            "flex": 1,
            "justifyContent": "center",
          },
          false,
        ]
      }
    >
      <View
        style={
          Object {
            "backgroundColor": "#201a21",
            "height": 0,
            "width": "100%",
          }
        }
      />
      <View
        style={
          Array [
            Object {
              "alignItems": "center",
              "flex": 1,
              "justifyContent": "center",
              "paddingHorizontal": 16,
              "width": "100%",
            },
            Object {
              "backgroundColor": "#201a21",
              "marginBottom": -0,
              "paddingBottom": 0,
            },
            Object {},
            Object {
              "paddingTop": 0,
            },
          ]
        }
      >
        <View
          style={
            Object {
              "flex": 1,
              "width": "100%",
            }
          }
        >
          <View
            style={
              Object {
                "flex": 0.6,
              }
            }
          />
          <Image
            resizeMode="contain"
            source={
              Object {
                "testUri": "../../../src/assets/images/error-planets.png",
              }
            }
            style={
              Object {
                "flex": 2,
                "width": undefined,
              }
            }
          />
        </View>
        <View
          style={
            Object {
              "alignItems": "center",
              "flex": 0.5,
              "paddingTop": 12,
            }
          }
        >
          <Text
            style={
              Array [
                Object {
                  "paddingTop": 5,
                  "textAlign": "center",
                },
                Object {
                  "color": "rgba(255,255,255,0.85)",
                  "fontFamily": "TTCommons-Regular",
                  "fontSize": 28,
                  "letterSpacing": 0,
                  "lineHeight": 32,
                },
                undefined,
              ]
            }
            testID="title"
          >
            Test title
          </Text>
          <Text
            style={
              Array [
                Object {
                  "paddingTop": 5,
                  "textAlign": "center",
                },
                Object {
                  "color": "rgba(255, 255, 255, 0.7)",
                  "fontFamily": "TTCommons-Regular",
                  "fontSize": 20,
                  "letterSpacing": 0.14,
                  "lineHeight": 22,
                },
                Object {
                  "marginTop": 12,
                },
              ]
            }
            testID="subtitle"
          >
            Test description
          </Text>
        </View>
        <View
          style={
            Object {
              "flex": 0.5,
              "justifyContent": "flex-end",
              "paddingBottom": "5%",
              "width": "100%",
            }
          }
        >
          <View
            accessible={true}
            focusable={false}
            onClick={[Function]}
            onResponderGrant={[Function]}
            onResponderMove={[Function]}
            onResponderRelease={[Function]}
            onResponderTerminate={[Function]}
            onResponderTerminationRequest={[Function]}
            onStartShouldSetResponder={[Function]}
            style={
              Object {
                "alignItems": "center",
                "borderRadius": 8,
                "justifyContent": "center",
                "marginVertical": 5,
                "opacity": 1,
                "width": "100%",
              }
            }
            testID="button"
          >
            <View
              style={
                Array [
                  Array [
                    Object {
                      "alignItems": "center",
                      "borderRadius": 8,
                      "justifyContent": "center",
                      "width": "100%",
                    },
                    false,
                    Object {
                      "marginVertical": 5,
                    },
                  ],
                  Object {
                    "backgroundColor": "rgba(81, 81, 81, 0.18)",
                  },
                  undefined,
                  Object {
                    "height": 45,
                  },
                ]
              }
            >
              <Text
                style={
                  Array [
                    Object {
                      "color": "#ffffff",
                      "paddingTop": 5,
                      "textAlignVertical": "center",
                    },
                    Object {
                      "color": "#ffffff",
                      "fontFamily": "TTCommons-Medium",
                      "opacity": 0.8,
                    },
                    Object {
                      "fontSize": 18,
                    },
                    Object {},
                  ]
                }
              />
            </View>
          </View>
          <View
            accessible={true}
            focusable={false}
            onClick={[Function]}
            onResponderGrant={[Function]}
            onResponderMove={[Function]}
            onResponderRelease={[Function]}
            onResponderTerminate={[Function]}
            onResponderTerminationRequest={[Function]}
            onStartShouldSetResponder={[Function]}
            style={
              Object {
                "alignItems": "center",
                "borderRadius": 8,
                "justifyContent": "center",
                "marginVertical": 5,
                "opacity": 1,
                "width": "100%",
              }
            }
            testID="button"
          >
            <View
              style={
                Array [
                  Array [
                    Object {
                      "alignItems": "center",
                      "borderRadius": 8,
                      "justifyContent": "center",
                      "width": "100%",
                    },
                    false,
                    Object {
                      "marginVertical": 5,
                    },
                  ],
                  Object {
                    "height": 45,
                  },
                  undefined,
                ]
              }
              testID="non-gradient"
            >
              <Text
                style={
                  Array [
                    Object {
                      "color": "#ffffff",
                      "paddingTop": 5,
                      "textAlignVertical": "center",
                    },
                    Object {
                      "fontFamily": "TTCommons-Regular",
                      "opacity": 0.8,
                    },
                    Object {
                      "fontSize": 18,
                    },
                    Object {},
                  ]
                }
              />
            </View>
          </View>
        </View>
      </View>
    </View>
  </View>
</RNCSafeAreaView>
`;
