// Jest Snapshot v1, https://goo.gl/fbAQLP

exports[`ScreenHeader renders correctly 1`] = `
<View>
  <Text
    style={
      Array [
        Object {
          "paddingTop": 5,
          "textAlign": "center",
        },
        Object {
          "color": "rgba(255,255,255,0.85)",
          "fontFamily": "TTCommons-Regular",
          "fontSize": 28,
          "letterSpacing": 0,
          "lineHeight": 32,
        },
        undefined,
      ]
    }
    testID="title"
  >
    title text
  </Text>
  <Text
    style={
      Array [
        Object {
          "paddingTop": 5,
          "textAlign": "center",
        },
        Object {
          "color": "rgba(255, 255, 255, 0.7)",
          "fontFamily": "TTCommons-Regular",
          "fontSize": 20,
          "letterSpacing": 0.14,
          "lineHeight": 22,
        },
        Object {
          "opacity": 0.8,
          "paddingTop": 16,
        },
      ]
    }
    testID="subtitle"
  >
    subtitle text
  </Text>
</View>
`;
