// Jest Snapshot v1, https://goo.gl/fbAQLP

exports[`ClaimsOverview component matches the snapshot on render 1`] = `
<Container
  style={
    Object {
      "flex": 1,
      "padding": 0,
    }
  }
>
  <ScrollView
    contentContainerStyle={Object {}}
    style={
      Object {
        "width": "100%",
      }
    }
  >
    <Component
      key="Contact"
    >
      <Component
        style={
          Object {
            "marginBottom": 8,
            "marginLeft": 16,
            "marginRight": 16,
            "marginTop": 27,
          }
        }
      >
        <Text
          accessible={true}
          allowFontScaling={true}
          ellipsizeMode="tail"
          style={
            Object {
              "fontFamily": "TT Commons",
              "fontSize": 17,
              "textAlign": "left",
            }
          }
        >
          Contact
        </Text>
      </Component>
      <ClaimCard
        claimItem={
          Object {
            "claims": Array [
              Object {
                "id": "default2",
                "name": "email",
                "value": "",
              },
            ],
            "displayName": "E-mail",
            "type": Array [
              "Credential",
              "ProofOfEmailCredential",
            ],
          }
        }
      />
      <ClaimCard
        claimItem={
          Object {
            "claims": Array [
              Object {
                "id": "default3",
                "name": "phone",
                "value": "",
              },
            ],
            "displayName": "Phone",
            "type": Array [
              "Credential",
              "ProofOfMobilePhoneNumberCredential",
            ],
          }
        }
      />
    </Component>
    <Component
      key="Personal"
    >
      <Component
        style={
          Object {
            "marginBottom": 8,
            "marginLeft": 16,
            "marginRight": 16,
            "marginTop": 27,
          }
        }
      >
        <Text
          accessible={true}
          allowFontScaling={true}
          ellipsizeMode="tail"
          style={
            Object {
              "fontFamily": "TT Commons",
              "fontSize": 17,
              "textAlign": "left",
            }
          }
        >
          Personal
        </Text>
      </Component>
      <ClaimCard
        claimItem={
          Object {
            "claims": Array [
              Object {
                "id": "default1",
                "name": "name",
                "value": "name",
              },
            ],
            "displayName": "Name",
            "type": Array [
              "Credential",
              "ProofOfNameCredential",
            ],
          }
        }
      />
    </Component>
    <Component
      key="Other"
    >
      <Component
        style={
          Object {
            "marginBottom": 8,
            "marginLeft": 16,
            "marginRight": 16,
            "marginTop": 27,
          }
        }
      >
        <Text
          accessible={true}
          allowFontScaling={true}
          ellipsizeMode="tail"
          style={
            Object {
              "fontFamily": "TT Commons",
              "fontSize": 17,
              "textAlign": "left",
            }
          }
        >
          Other
        </Text>
      </Component>
      <ClaimCard
        claimItem={
          Object {
            "claims": Array [
              Object {
                "id": "default1",
                "name": "Age",
                "value": "50",
              },
            ],
            "displayName": "Age",
            "type": Array [
              "Credential",
              "ProofOfAge",
            ],
          }
        }
      />
    </Component>
  </ScrollView>
  <Block
    style={
      Object {
        "alignItems": "flex-end",
        "bottom": "5%",
        "position": "absolute",
        "right": "3%",
      }
    }
  >
    <TouchableOpacity
      activeOpacity={0.2}
      onPress={[Function]}
      style={
        Object {
          "alignItems": "center",
          "backgroundColor": "#942f51",
          "borderRadius": 35,
          "elevation": 8,
          "height": 55,
          "shadowColor": "#000",
          "shadowOffset": Object {
            "height": 2,
            "width": 0,
          },
          "shadowOpacity": 0.8,
          "shadowRadius": 2,
          "width": 55,
        }
      }
    >
      <Icon
        allowFontScaling={false}
        color="white"
        name="qrcode-scan"
        size={30}
        style={
          Object {
            "margin": "20%",
          }
        }
      />
    </TouchableOpacity>
  </Block>
</Container>
`;
