// Jest Snapshot v1, https://goo.gl/fbAQLP

exports[`ClaimsOverview component matches the snapshot on render 1`] = `
<Container
  style={
    Object {
      "flex": 1,
      "padding": 0,
    }
  }
>
  <ScrollView
    contentContainerStyle={Object {}}
    style={
      Object {
        "width": "100%",
      }
    }
  >
    <Component
      key="Contact"
    >
      <Component
        style={
          Object {
            "marginBottom": 8,
            "marginLeft": 16,
            "marginRight": 16,
            "marginTop": 27,
          }
        }
      >
        <Text
          accessible={true}
          allowFontScaling={true}
          ellipsizeMode="tail"
          style={
            Object {
              "fontFamily": "TT Commons",
              "fontSize": 17,
              "textAlign": "left",
            }
          }
        >
          Contact
        </Text>
      </Component>
      <ClaimCard
        claimItem={
          Object {
            "claimData": Object {
              "email": "test@test.de",
            },
            "credentialType": "Email",
            "id": "claimTestId#2",
            "issuer": "did:jolo:test",
            "subject": "did:jolo:test",
          }
        }
      />
      <ClaimCard
        claimItem={
          Object {
            "claimData": Object {
              "phone": "999111",
            },
            "credentialType": "Phone",
            "id": "claimTestId#3",
            "issuer": "did:jolo:test",
            "subject": "did:jolo:test",
          }
        }
      />
      <ClaimCard
        claimItem={
          Object {
            "claimData": Object {
              "email": "",
            },
            "credentialType": "E-mail",
            "id": "",
            "issuer": "",
            "subject": "",
          }
        }
      />
    </Component>
    <Component
      key="Personal"
    >
      <Component
        style={
          Object {
            "marginBottom": 8,
            "marginLeft": 16,
            "marginRight": 16,
            "marginTop": 27,
          }
        }
      >
        <Text
          accessible={true}
          allowFontScaling={true}
          ellipsizeMode="tail"
          style={
            Object {
              "fontFamily": "TT Commons",
              "fontSize": 17,
              "textAlign": "left",
            }
          }
        >
          Personal
        </Text>
      </Component>
      <ClaimCard
        claimItem={
          Object {
            "claimData": Object {
              "firstName": "Hello",
              "lastName": "World",
            },
            "credentialType": "Name",
            "id": "claimTestId#1",
            "issuer": "did:jolo:test",
            "subject": "did:jolo:test",
          }
        }
      />
    </Component>
  </ScrollView>
  <Block
    style={
      Object {
        "alignItems": "flex-end",
        "bottom": "5%",
        "position": "absolute",
        "right": "3%",
      }
    }
  >
    <TouchableOpacity
      activeOpacity={0.2}
      onPress={[Function]}
      style={
        Object {
          "alignItems": "center",
          "backgroundColor": "#942f51",
          "borderRadius": 35,
          "elevation": 8,
          "height": 55,
          "shadowColor": "#000",
          "shadowOffset": Object {
            "height": 2,
            "width": 0,
          },
          "shadowOpacity": 0.8,
          "shadowRadius": 2,
          "width": 55,
        }
      }
    >
      <Icon
        allowFontScaling={false}
        color="white"
        name="qrcode-scan"
        size={30}
        style={
          Object {
            "margin": "20%",
          }
        }
      />
    </TouchableOpacity>
  </Block>
</Container>
`;
