// Jest Snapshot v1, https://goo.gl/fbAQLP

exports[`inputSeedPhrase component matches the snapshot at start 1`] = `
<Fragment>
  <ScrollViewMock
    contentContainerStyle={
      Object {
        "flex": 1,
      }
    }
    keyboardShouldPersistTaps="handled"
    scrollEnabled={false}
  >
    <ScreenContainer
      customStyles={
        Object {
          "justifyContent": "space-between",
          "paddingHorizontal": "5%",
        }
      }
    >
      <View
        style={
          Object {
            "flex": 1,
            "width": "100%",
          }
        }
      >
        <_default />
        <SeedKeyInput />
      </View>
      <_default
        onCancel={[MockFunction]}
        onSubmit={[MockFunction]}
      />
    </ScreenContainer>
  </ScrollViewMock>
  <InputAccessoryView
    nativeID="suggestions"
  >
    <View
      style={
        Object {
          "marginBottom": 10,
          "marginLeft": 10,
        }
      }
    >
      <_default />
    </View>
  </InputAccessoryView>
</Fragment>
`;

exports[`inputSeedPhrase component matches the snapshot when loading 1`] = `
<ScreenContainer>
  <RippleLoader
    color="rgb(89, 167, 145)"
    frequency={1600}
    size={120}
    strokeWidth={4}
  />
</ScreenContainer>
`;
