// Jest Snapshot v1, https://goo.gl/fbAQLP

exports[`landing component matches the snapshot on render 1`] = `
<Container
  style={
    Object {
      "backgroundColor": "rgb(5, 5, 13)",
      "paddingBottom": "5%",
    }
  }
>
  <Carousel
    activeAnimationOptions={null}
    activeAnimationType="timing"
    activeSlideAlignment="center"
    activeSlideOffset={20}
    apparitionDelay={0}
    autoplay={false}
    autoplayDelay={1000}
    autoplayInterval={3000}
    callbackOffsetMargin={5}
    containerCustomStyle={Object {}}
    contentContainerCustomStyle={Object {}}
    data={
      Array [
        Object {
          "infoText": "Take back control of your digital self and protect your private data against unfair usage.",
          "svgImage": <Landing00 />,
          "title": "Your Jolocom Wallet",
        },
        Object {
          "infoText": "Forget about long forms and registrations. Instantly access services without using your social media profiles.",
          "svgImage": <Landing00 />,
          "title": "It's easy",
        },
        Object {
          "infoText": "Share only the information a service really needs. Protect your digital self against fraud.",
          "svgImage": <Landing00 />,
          "title": "Enhanced privacy",
        },
        Object {
          "infoText": "Keep all your data with you in one place, available at any time. Track where you sign in to services.",
          "svgImage": <Landing00 />,
          "title": "Greater control",
        },
      ]
    }
    enableMomentum={false}
    enableSnap={true}
    firstItem={0}
    hasParallaxImages={false}
    inactiveSlideOpacity={0.7}
    inactiveSlideScale={0.9}
    inactiveSlideShift={0}
    itemWidth={750}
    layout="default"
    lockScrollTimeoutDuration={1000}
    lockScrollWhileSnapping={true}
    loop={true}
    loopClonesPerSide={3}
    onSnapToItem={[Function]}
    renderItem={[Function]}
    scrollEnabled={true}
    shouldOptimizeUpdates={true}
    slideStyle={Object {}}
    sliderWidth={750}
    swipeThreshold={20}
    useScrollView={false}
    vertical={false}
  />
  <Pagination
    activeDotIndex={0}
    dotStyle={
      Object {
        "backgroundColor": "rgb(255, 222, 188)",
        "height": 8,
        "width": 8,
      }
    }
    dotsLength={4}
    inactiveDotOpacity={0.5}
    inactiveDotScale={0.5}
    inactiveDotStyle={
      Object {
        "backgroundColor": "rgba(255, 254, 252, 0.7)",
        "height": 8,
        "width": 8,
      }
    }
    tappableDots={false}
    vertical={false}
  />
  <View
    style={
      Object {
        "flex": 0.2,
      }
    }
  >
    <JolocomButton
      onPress={[MockFunction]}
      raised={true}
      text="Get started"
      upperCase={false}
    />
    <JolocomButton
      onPress={[MockFunction]}
      text="Recover Identity"
    />
  </View>
</Container>
`;
