// Jest Snapshot v1, https://goo.gl/fbAQLP

exports[`landing component matches the snapshot on render 1`] = `
<Container
  style={
    Object {
      "backgroundColor": "black",
      "flex": 1,
      "flexDirection": "column",
      "justifyContent": "space-evenly",
    }
  }
>
  <Block>
    <Carousel
      activeAnimationOptions={null}
      activeAnimationType="timing"
      activeSlideAlignment="center"
      activeSlideOffset={20}
      apparitionDelay={0}
      autoplay={false}
      autoplayDelay={5000}
      autoplayInterval={3000}
      callbackOffsetMargin={5}
      containerCustomStyle={Object {}}
      contentContainerCustomStyle={Object {}}
      data={
        Array [
          Object {
            "infoText": "It will help you to take back ownership of your digital self and control the usage of your private data when signing into services.",
            "svgImage": <Landing00
              height="100%"
              width="100%"
            />,
            "title": "Meet Jolocom Wallet",
          },
          Object {
            "infoText": "Your (personal) ... one sentence pitch to wrap the main value",
            "svgImage": <Landing00
              height="100%"
              width="100%"
            />,
            "title": "Feature 1",
          },
          Object {
            "infoText": "Your (personal) ... one sentence pitch to wrap the main value",
            "svgImage": <Landing00
              height="100%"
              width="100%"
            />,
            "title": "Feature 2",
          },
          Object {
            "infoText": "Your (personal) ... one sentence pitch to wrap the main value",
            "svgImage": <Landing00
              height="100%"
              width="100%"
            />,
            "title": "Feature 3",
          },
        ]
      }
      enableMomentum={false}
      enableSnap={true}
      firstItem={0}
      hasParallaxImages={false}
      inactiveSlideOpacity={0.7}
      inactiveSlideScale={0.9}
      inactiveSlideShift={0}
      itemWidth={750}
      layout="default"
      lockScrollTimeoutDuration={1000}
      lockScrollWhileSnapping={true}
      loop={true}
      loopClonesPerSide={3}
      onSnapToItem={[Function]}
      renderItem={[Function]}
      shouldOptimizeUpdates={true}
      slideStyle={Object {}}
      sliderWidth={750}
      swipeThreshold={20}
      useScrollView={false}
      vertical={false}
    />
  </Block>
  <Block
    style={
      Object {
        "backgroundColor": "black",
        "flex": 0.2,
      }
    }
  >
    <Pagination
      activeDotIndex={0}
      dotStyle={
        Object {
          "backgroundColor": "#ffdebc",
          "height": 8,
          "width": 8,
        }
      }
      dotsLength={4}
      inactiveDotOpacity={0.4}
      inactiveDotScale={0.6}
      inactiveDotStyle={
        Object {
          "backgroundColor": "#fffefc",
          "height": 4,
          "opacity": 0.6,
          "width": 4,
        }
      }
      tappableDots={false}
      vertical={false}
    />
  </Block>
  <Block
    style={
      Object {
        "backgroundColor": "black",
        "flex": 0.1,
      }
    }
  >
    <Button
      accent={false}
      disabled={false}
      icon={null}
      onLongPress={null}
      onPress={null}
      primary={false}
      raised={true}
      style={
        Object {
          "container": Object {
            "backgroundColor": "#942f51",
            "borderRadius": 4,
            "height": "100%",
            "width": "50%",
          },
          "text": Object {
            "color": "white",
            "fontFamily": "TTCommons",
            "fontSize": 22,
            "fontWeight": "100",
          },
        }
      }
      testID={null}
      text="Get started"
      upperCase={false}
    />
  </Block>
</Container>
`;
