// Jest Snapshot v1, https://goo.gl/fbAQLP

exports[`MaskedImage component matches the snapshot with empty current path string 1`] = `
<Svg
  height="100%"
  onMoveShouldSetResponder={[Function]}
  onMoveShouldSetResponderCapture={[Function]}
  onResponderEnd={[Function]}
  onResponderGrant={[Function]}
  onResponderMove={[Function]}
  onResponderReject={[Function]}
  onResponderRelease={[Function]}
  onResponderStart={[Function]}
  onResponderTerminate={[Function]}
  onResponderTerminationRequest={[Function]}
  onStartShouldSetResponder={[Function]}
  onStartShouldSetResponderCapture={[Function]}
  preserveAspectRatio="xMidYMid meet"
  width="100%"
>
  <Path
    d=""
    fill="none"
    key="0"
    stroke="#FFDEBC"
    strokeDasharray="1,10"
    strokeLinecap="round"
    strokeLinejoin="round"
    strokeWidth="2"
  />
  <Path
    d=""
    fill="none"
    key="1"
    stroke="#FFDEBC"
    strokeDasharray="1,10"
    strokeLinecap="round"
    strokeLinejoin="round"
    strokeWidth="2"
  />
  <Path
    d=""
    fill="none"
    key="2"
    stroke="#FFDEBC"
    strokeDasharray="1,10"
    strokeLinecap="round"
    strokeLinejoin="round"
    strokeWidth="2"
  />
  <Path
    d=""
    fill="none"
    key="3"
    stroke="#FFDEBC"
    strokeDasharray="1,10"
    strokeLinecap="round"
    strokeLinejoin="round"
    strokeWidth="2"
  />
  <Path
    d=""
    fill="none"
    key="4"
    stroke="#FFDEBC"
    strokeDasharray="1,10"
    strokeLinecap="round"
    strokeLinejoin="round"
    strokeWidth="2"
  />
  <Path
    d=""
    fill="none"
    key="5"
    stroke="#FFDEBC"
    strokeDasharray="1,10"
    strokeLinecap="round"
    strokeLinejoin="round"
    strokeWidth="2"
  />
  <Path
    d=""
    fill="none"
    key="6"
    stroke="#FFDEBC"
    strokeDasharray="1,10"
    strokeLinecap="round"
    strokeLinejoin="round"
    strokeWidth="2"
  />
  <Path
    d=""
    fill="none"
    key="7"
    stroke="#FFDEBC"
    strokeDasharray="1,10"
    strokeLinecap="round"
    strokeLinejoin="round"
    strokeWidth="2"
  />
  <Path
    d=""
    fill="none"
    key="8"
    stroke="#FFDEBC"
    strokeDasharray="1,10"
    strokeLinecap="round"
    strokeLinejoin="round"
    strokeWidth="2"
  />
  <Path
    d=""
    fill="none"
    key="9"
    stroke="#FFDEBC"
    strokeDasharray="1,10"
    strokeLinecap="round"
    strokeLinejoin="round"
    strokeWidth="2"
  />
</Svg>
`;
