// Jest Snapshot v1, https://goo.gl/fbAQLP

exports[`MaskedImage component matches the snapshot with empty current path string 1`] = `
<Svg
  height="100%"
  onMoveShouldSetResponder={[Function]}
  onMoveShouldSetResponderCapture={[Function]}
  onResponderEnd={[Function]}
  onResponderGrant={[Function]}
  onResponderMove={[Function]}
  onResponderReject={[Function]}
  onResponderRelease={[Function]}
  onResponderStart={[Function]}
  onResponderTerminate={[Function]}
  onResponderTerminationRequest={[Function]}
  onStartShouldSetResponder={[Function]}
  onStartShouldSetResponderCapture={[Function]}
  preserveAspectRatio="xMidYMid meet"
  width="100%"
>
  <Rect
    height="100%"
    opacity="0.1"
    width="100%"
    x={0}
    y={0}
  />
</Svg>
`;
