// Jest Snapshot v1, https://goo.gl/fbAQLP

exports[`QRCodeScanner component matches the snapshot with back handler 1`] = `
<Fragment>
  <Container>
    <QRCodeScanner
      bottomContent={
        <ThemedComponent
          onPress={[MockFunction]}
          style={
            Object {
              "text": Object {
                "color": "black",
              },
            }
          }
          text="Cancel"
        />
      }
      cameraProps={Object {}}
      cameraStyle={
        Object {
          "overflow": "hidden",
        }
      }
      cameraType="back"
      checkAndroid6Permissions={false}
      fadeIn={true}
      notAuthorizedView={
        <View
          style={
            Object {
              "alignItems": "center",
              "flex": 1,
              "justifyContent": "center",
            }
          }
        >
          <Text
            style={
              Object {
                "fontSize": 16,
                "textAlign": "center",
              }
            }
          >
            Camera not authorized
          </Text>
        </View>
      }
      onRead={[Function]}
      pendingAuthorizationView={
        <View
          style={
            Object {
              "alignItems": "center",
              "flex": 1,
              "justifyContent": "center",
            }
          }
        >
          <Text
            style={
              Object {
                "fontSize": 16,
                "textAlign": "center",
              }
            }
          >
            ...
          </Text>
        </View>
      }
      permissionDialogMessage="Need camera permission"
      permissionDialogTitle="Info"
      reactivate={false}
      reactivateTimeout={0}
      showMarker={false}
      topContent={
        <Text>
          You can scan the qr code now!
        </Text>
      }
      vibrate={true}
    />
  </Container>
</Fragment>
`;
