// Jest Snapshot v1, https://goo.gl/fbAQLP

exports[`seedPhrase component matches the snapshot with checkbox checked 1`] = `
<Container
  style={
    Object {
      "backgroundColor": "black",
    }
  }
>
  <Block
    flex={0.1}
  >
    <CenteredText
      msg="Write these words down on an analog and secure place.
 Without these words, you cannot access your wallet again."
      style={
        Object {
          "color": "#ffefdf",
          "fontFamily": "TTCommons",
          "fontSize": 20,
          "lineHeight": 26,
          "paddingLeft": "5%",
          "paddingRight": "5%",
        }
      }
    />
  </Block>
  <Block
    flex={0.6}
  >
    <CenteredText
      msg="mock seedPhrase"
      style={
        Object {
          "color": "white",
          "fontFamily": "TTCommons",
          "fontSize": 34,
          "lineHeight": 38,
          "paddingLeft": "3%",
          "paddingRight": "3%",
        }
      }
    />
  </Block>
  <Block
    style={
      Object {
        "bottom": "5%",
        "position": "absolute",
      }
    }
  >
    <Button
      accent={false}
      disabled={false}
      icon={null}
      onLongPress={null}
      onPress={null}
      primary={false}
      raised={true}
      style={
        Object {
          "container": Object {
            "backgroundColor": "#942f51",
            "height": 50,
            "width": 225,
          },
          "text": Object {
            "color": "white",
            "fontFamily": "TTCommons",
            "fontSize": 22,
            "fontWeight": "100",
          },
        }
      }
      testID={null}
      text="Yes, I wrote it down"
      upperCase={false}
    />
  </Block>
</Container>
`;

exports[`seedPhrase component matches the snapshot with checkbox unchecked 1`] = `
<Container
  style={
    Object {
      "backgroundColor": "black",
    }
  }
>
  <Block
    flex={0.1}
  >
    <CenteredText
      msg="Write these words down on an analog and secure place.
 Without these words, you cannot access your wallet again."
      style={
        Object {
          "color": "#ffefdf",
          "fontFamily": "TTCommons",
          "fontSize": 20,
          "lineHeight": 26,
          "paddingLeft": "5%",
          "paddingRight": "5%",
        }
      }
    />
  </Block>
  <Block
    flex={0.6}
  >
    <CenteredText
      msg="mock seedPhrase"
      style={
        Object {
          "color": "white",
          "fontFamily": "TTCommons",
          "fontSize": 34,
          "lineHeight": 38,
          "paddingLeft": "3%",
          "paddingRight": "3%",
        }
      }
    />
  </Block>
  <Block
    style={
      Object {
        "bottom": "5%",
        "position": "absolute",
      }
    }
  >
    <Button
      accent={false}
      disabled={false}
      icon={null}
      onLongPress={null}
      onPress={null}
      primary={false}
      raised={true}
      style={
        Object {
          "container": Object {
            "backgroundColor": "#942f51",
            "height": 50,
            "width": 225,
          },
          "text": Object {
            "color": "white",
            "fontFamily": "TTCommons",
            "fontSize": 22,
            "fontWeight": "100",
          },
        }
      }
      testID={null}
      text="Yes, I wrote it down"
      upperCase={false}
    />
  </Block>
</Container>
`;
