// Jest Snapshot v1, https://goo.gl/fbAQLP

exports[`Generic action creators showErrorScreen should navigate to error screen and provide the message 1`] = `
Array [
  Object {
    "params": Object {
      "error": [Error: Unknown Error],
      "returnTo": "Home",
    },
    "routeName": "Exception",
    "type": "Navigation/NAVIGATE",
  },
]
`;
