// Jest Snapshot v1, https://goo.gl/fbAQLP

exports[`Generic action creators showErrorScreen should navigate to error screen and provide the message 1`] = `
Array [
  Object {
    "params": Object {
      "error": Object {
        "message": "MOCK BAD ERROR",
        "stack": "MOCK STACK TRACE",
      },
      "returnTo": "Home",
    },
    "routeName": "Exception",
    "type": "Navigation/NAVIGATE",
  },
]
`;
