// Jest Snapshot v1, https://goo.gl/fbAQLP

exports[`Navigation action creators handleDeepLink should extract the route name and param from the URL 1`] = `
Array [
  Object {
    "type": "APPWRAP_SHOW_LOADER",
    "value": true,
  },
  Object {
    "type": "MOCK_credentialRequest_INTERACTION_TOKEN_HANDLER",
  },
]
`;

exports[`Navigation action creators handleDeepLink should throw AppError if route was not correct 1`] = `Array []`;
