// Jest Snapshot v1, https://goo.gl/fbAQLP

exports[`Entropy should match snapshot after adding a point to the canvas 1`] = `0.0032552083333333335`;

exports[`Entropy should successfully generate the entropy 1`] = `0.6510416666666667`;

exports[`Entropy should successfully increment progress after adding a line 1`] = `0.009765625`;
