// Jest Snapshot v1, https://goo.gl/fbAQLP

exports[`Entropy Canvas should successfully match snapshot on inital render 1`] = `
<View
  pointerEvents="box-none"
  style={
    Object {
      "flex": 1,
    }
  }
>
  <View
    collapsable={true}
    pointerEvents="box-none"
    style={
      Object {
        "flex": 1,
      }
    }
  >
    <RNSVGSvgView
      bbHeight="100%"
      bbWidth="100%"
      focusable={false}
      height="100%"
      responsible={true}
      style={
        Array [
          Object {
            "backgroundColor": "transparent",
            "borderWidth": 0,
          },
          Object {
            "flex": 0,
            "height": "100%",
            "width": "100%",
          },
        ]
      }
      width="100%"
    >
      <RNSVGGroup>
        <RNSVGRect
          height="100%"
          opacity={0.1}
          width="100%"
          x={0}
          y={0}
        />
      </RNSVGGroup>
    </RNSVGSvgView>
  </View>
</View>
`;
