// Jest Snapshot v1, https://goo.gl/fbAQLP

exports[`generic container component matches the snapshot with no extra props 1`] = `
<ForwardRef(_SafeAreaView)
  style={
    Array [
      Object {
        "backgroundColor": "rgb(245, 245, 245)",
        "flex": 1,
        "height": "100%",
        "justifyContent": "center",
        "width": "100%",
      },
      Object {
        "paddingTop": 42,
      },
    ]
  }
>
  <StatusBar
    animated={true}
    backgroundColor="transparent"
    barStyle="dark-content"
    hidden={false}
    showHideTransition="fade"
    translucent={true}
  />
   null 
</ForwardRef(_SafeAreaView)>
`;
