// Jest Snapshot v1, https://goo.gl/fbAQLP

exports[`matches the snapshot 1`] = `
<ThemeProvider
  uiTheme={Object {}}
>
  <Provider
    store={
      Object {
        "dispatch": [Function],
        "getState": [Function],
        "replaceReducer": [Function],
        "subscribe": [Function],
        Symbol(observable): [Function],
      }
    }
  >
    <Connect(NavigatorContainer)
      dispatch={[Function]}
    />
  </Provider>
</ThemeProvider>
`;
