// Jest Snapshot v1, https://goo.gl/fbAQLP

exports[`BackendMiddleware Identity Creation should fuelKeyWithEther 1`] = `
Array [
  Array [
    Object {
      "data": Array [
        3,
        224,
        237,
        157,
        101,
        36,
        234,
        73,
        97,
        64,
        32,
        79,
        228,
        11,
        209,
        94,
        213,
        7,
        251,
        36,
        13,
        220,
        129,
        82,
        186,
        68,
        39,
        118,
        160,
        126,
        38,
        233,
        185,
      ],
      "type": "Buffer",
    },
  ],
]
`;

exports[`BackendMiddleware prepareIdentityWallet should authenticate and cache the identity if not cached 1`] = `
Array [
  Array [
    SoftwareKeyProvider {
      "_encryptedSeed": Object {
        "data": Array [
          3,
          69,
          56,
          188,
          110,
          114,
          6,
          39,
          107,
          123,
          123,
          154,
          221,
          36,
          218,
          179,
          15,
          52,
          12,
          204,
          71,
          97,
          3,
          123,
          198,
          145,
          179,
          176,
          205,
          169,
          195,
          127,
        ],
        "type": "Buffer",
      },
      "_iv": Object {
        "data": Array [
          110,
          174,
          224,
          118,
          164,
          115,
          164,
          184,
          91,
          180,
          199,
          192,
          204,
          65,
          175,
          101,
        ],
        "type": "Buffer",
      },
    },
    Object {
      "derivationPath": "m/73'/0'/0'/0",
      "encryptionPass": "fuZJ4DVOSIi5fb+A6A9EDzNADsEWcHSu4jAiiWyYK+Q=",
    },
  ],
]
`;

exports[`BackendMiddleware prepareIdentityWallet should authenticate and cache the identity if not cached 2`] = `
Array [
  Array [
    "did:jolo:d129fdce5ff7d69878c001b0973d7e1a0ff2ae4cc7066d5a769e909c28c4149d",
  ],
]
`;
