// Jest Snapshot v1, https://goo.gl/fbAQLP

exports[`Ausweis identity screen is disalyed according to the designs 1`] = `
<RNCSafeAreaView
  onInsetsChange={[Function]}
  style={
    Object {
      "flex": 1,
    }
  }
>
  <View
    style={
      Object {
        "marginBottom": 0,
      }
    }
    testID="home-ausweis-identity"
  >
    <Text
      style={
        Array [
          Object {
            "paddingTop": 5,
            "textAlign": "center",
          },
          Object {
            "color": "rgba(255,255,255,0.85)",
            "fontFamily": "TTCommons-Medium",
            "fontSize": 28,
            "letterSpacing": 0,
            "lineHeight": 32,
          },
          Object {
            "marginBottom": 12,
            "textAlign": "left",
          },
        ]
      }
    >
      AusweisIdentity.header
    </Text>
    <View
      style={
        Object {
          "alignSelf": "center",
          "aspectRatio": 3,
          "position": "relative",
          "width": "100%",
        }
      }
    >
      <Image
        resizeMode="contain"
        source={
          Object {
            "testUri": "../../../src/assets/images/cardBanner.png",
          }
        }
        style={
          Object {
            "flex": 1,
            "height": "100%",
            "resizeMode": "contain",
            "width": "100%",
          }
        }
      />
      <Text
        style={
          Array [
            Object {
              "paddingTop": 5,
              "textAlign": "center",
            },
            Object {
              "color": "#000",
              "fontFamily": "TTCommons-Medium",
              "fontSize": 20,
              "letterSpacing": 0.14,
              "lineHeight": 22,
            },
            Object {
              "bottom": 12,
              "fontSize": 16,
              "left": 24,
              "letterSpacing": 0.15,
              "lineHeight": 18.4,
              "position": "absolute",
            },
          ]
        }
      >
        AusweisIdentity.ausweisBadge
      </Text>
    </View>
    <View>
      <Text
        style={
          Array [
            Object {
              "paddingTop": 5,
              "textAlign": "center",
            },
            Object {
              "color": "rgba(255, 255, 255, 0.7)",
              "fontFamily": "TTCommons-Regular",
              "fontSize": 16,
              "letterSpacing": 0,
              "lineHeight": 18,
            },
            Object {
              "marginTop": 8,
              "paddingHorizontal": 14,
              "textAlign": "left",
            },
          ]
        }
      >
        AusweisIdentity.subheader
      </Text>
      <Text
        onPress={[Function]}
        style={
          Array [
            Object {
              "paddingTop": 5,
              "textAlign": "center",
            },
            Object {
              "color": "#fa3384",
              "fontFamily": "TTCommons-Regular",
              "fontSize": 16,
              "letterSpacing": 0,
              "lineHeight": 18,
            },
            Object {
              "alignSelf": "flex-start",
              "paddingHorizontal": 14,
              "paddingTop": 4,
            },
          ]
        }
      >
        General.moreInfo
      </Text>
      <View
        style={
          Object {
            "marginTop": 16,
          }
        }
      >
        <View
          accessibilityState={
            Object {
              "disabled": false,
            }
          }
          accessible={true}
          collapsable={false}
          focusable={true}
          onClick={[Function]}
          onResponderGrant={[Function]}
          onResponderMove={[Function]}
          onResponderRelease={[Function]}
          onResponderTerminate={[Function]}
          onResponderTerminationRequest={[Function]}
          onStartShouldSetResponder={[Function]}
          style={
            Object {
              "alignItems": "flex-start",
              "backgroundColor": "rgba(255, 255, 255, 0.08)",
              "borderRadius": 12,
              "fontFamily": "TTCommons-Regular",
              "justifyContent": "flex-start",
              "marginVertical": 5,
              "opacity": 1,
              "paddingHorizontal": 24,
              "paddingVertical": 16,
            }
          }
        >
          <View
            style={
              Object {
                "alignItems": "center",
                "backgroundColor": "#101010",
                "borderRadius": 12,
                "bottom": 0,
                "display": "none",
                "justifyContent": "center",
                "left": 0,
                "position": "absolute",
                "right": 0,
                "top": 0,
                "zIndex": 0,
              }
            }
          >
            <ActivityIndicator
              animating={false}
              color="rgba(255, 255, 255, 0.8)"
            />
          </View>
          <Text
            style={
              Array [
                Object {
                  "paddingTop": 5,
                  "textAlign": "center",
                },
                Object {
                  "color": "#ffffff",
                  "fontFamily": "TTCommons-Regular",
                  "fontSize": 20,
                  "letterSpacing": 0.14,
                  "lineHeight": 22,
                },
                undefined,
              ]
            }
          >
            AusweisIdentity.compatibilityBtn
          </Text>
          <Text
            style={
              Array [
                Object {
                  "paddingTop": 5,
                  "textAlign": "center",
                },
                Object {
                  "color": "rgba(255, 255, 255, 0.7)",
                  "fontFamily": "TTCommons-Regular",
                  "fontSize": 16,
                  "letterSpacing": 0,
                  "lineHeight": 18,
                },
                Object {
                  "textAlign": "left",
                },
              ]
            }
          >
            AusweisIdentity.compatibilityBtnDescription
          </Text>
        </View>
        <View
          accessibilityState={
            Object {
              "disabled": false,
            }
          }
          accessible={true}
          collapsable={false}
          focusable={true}
          onClick={[Function]}
          onResponderGrant={[Function]}
          onResponderMove={[Function]}
          onResponderRelease={[Function]}
          onResponderTerminate={[Function]}
          onResponderTerminationRequest={[Function]}
          onStartShouldSetResponder={[Function]}
          style={
            Object {
              "alignItems": "flex-start",
              "backgroundColor": "rgba(255, 255, 255, 0.08)",
              "borderRadius": 12,
              "fontFamily": "TTCommons-Regular",
              "justifyContent": "flex-start",
              "marginVertical": 5,
              "opacity": 1,
              "paddingHorizontal": 24,
              "paddingVertical": 16,
            }
          }
        >
          <View
            style={
              Object {
                "alignItems": "center",
                "backgroundColor": "#101010",
                "borderRadius": 12,
                "bottom": 0,
                "display": "none",
                "justifyContent": "center",
                "left": 0,
                "position": "absolute",
                "right": 0,
                "top": 0,
                "zIndex": 0,
              }
            }
          >
            <ActivityIndicator
              animating={false}
              color="rgba(255, 255, 255, 0.8)"
            />
          </View>
          <Text
            style={
              Array [
                Object {
                  "paddingTop": 5,
                  "textAlign": "center",
                },
                Object {
                  "color": "#ffffff",
                  "fontFamily": "TTCommons-Regular",
                  "fontSize": 20,
                  "letterSpacing": 0.14,
                  "lineHeight": 22,
                },
                undefined,
              ]
            }
          >
            AusweisIdentity.changePinBtn
          </Text>
          <Text
            style={
              Array [
                Object {
                  "paddingTop": 5,
                  "textAlign": "center",
                },
                Object {
                  "color": "rgba(255, 255, 255, 0.7)",
                  "fontFamily": "TTCommons-Regular",
                  "fontSize": 16,
                  "letterSpacing": 0,
                  "lineHeight": 18,
                },
                Object {
                  "textAlign": "left",
                },
              ]
            }
          >
            AusweisIdentity.changePinBtnDescription
          </Text>
        </View>
        <View
          accessibilityState={
            Object {
              "disabled": false,
            }
          }
          accessible={true}
          collapsable={false}
          focusable={true}
          onClick={[Function]}
          onResponderGrant={[Function]}
          onResponderMove={[Function]}
          onResponderRelease={[Function]}
          onResponderTerminate={[Function]}
          onResponderTerminationRequest={[Function]}
          onStartShouldSetResponder={[Function]}
          style={
            Object {
              "alignItems": "flex-start",
              "backgroundColor": "rgba(255, 255, 255, 0.08)",
              "borderRadius": 12,
              "fontFamily": "TTCommons-Regular",
              "justifyContent": "flex-start",
              "marginVertical": 5,
              "opacity": 1,
              "paddingHorizontal": 24,
              "paddingVertical": 16,
            }
          }
        >
          <View
            style={
              Object {
                "alignItems": "center",
                "backgroundColor": "#101010",
                "borderRadius": 12,
                "bottom": 0,
                "display": "none",
                "justifyContent": "center",
                "left": 0,
                "position": "absolute",
                "right": 0,
                "top": 0,
                "zIndex": 0,
              }
            }
          >
            <ActivityIndicator
              animating={false}
              color="rgba(255, 255, 255, 0.8)"
            />
          </View>
          <Text
            style={
              Array [
                Object {
                  "paddingTop": 5,
                  "textAlign": "center",
                },
                Object {
                  "color": "#ffffff",
                  "fontFamily": "TTCommons-Regular",
                  "fontSize": 20,
                  "letterSpacing": 0.14,
                  "lineHeight": 22,
                },
                undefined,
              ]
            }
          >
            AusweisIdentity.unlockBtn
          </Text>
          <Text
            style={
              Array [
                Object {
                  "paddingTop": 5,
                  "textAlign": "center",
                },
                Object {
                  "color": "rgba(255, 255, 255, 0.7)",
                  "fontFamily": "TTCommons-Regular",
                  "fontSize": 16,
                  "letterSpacing": 0,
                  "lineHeight": 18,
                },
                Object {
                  "textAlign": "left",
                },
              ]
            }
          >
            AusweisIdentity.unlockBtnDescription
          </Text>
        </View>
      </View>
    </View>
  </View>
</RNCSafeAreaView>
`;
