// Jest Snapshot v1, https://goo.gl/fbAQLP

exports[`Ausweis scanner screen is displayed according to the designs 1`] = `
<RNCSafeAreaView
  onInsetsChange={[Function]}
  style={
    Object {
      "flex": 1,
    }
  }
>
  <View
    style={
      Object {
        "backgroundColor": "rgba(0,0,0,0.65)",
        "height": "100%",
        "width": "100%",
      }
    }
  >
    <View
      accessible={true}
      focusable={true}
      onClick={[Function]}
      onResponderGrant={[Function]}
      onResponderMove={[Function]}
      onResponderRelease={[Function]}
      onResponderTerminate={[Function]}
      onResponderTerminationRequest={[Function]}
      onStartShouldSetResponder={[Function]}
      style={
        Object {
          "flex": 1,
          "width": "100%",
        }
      }
    />
    <View
      style={
        Object {
          "alignItems": "center",
          "flex": 0,
        }
      }
    >
      <View
        style={
          Object {
            "backgroundColor": "#1f1f1f",
            "borderRadius": 20,
            "justifyContent": "center",
            "marginBottom": 10,
            "paddingBottom": 22,
            "paddingHorizontal": 20,
            "paddingTop": 32,
            "transform": Array [
              Object {
                "translateY": 1334,
              },
            ],
            "width": "96%",
          }
        }
      >
        <View
          style={
            Object {
              "alignItems": "center",
              "justifyContent": "center",
              "paddingBottom": 22,
            }
          }
        >
          <Text
            style={
              Array [
                Object {
                  "paddingTop": undefined,
                  "textAlign": "center",
                },
                Object {
                  "color": "rgba(255,255,255,0.85)",
                  "fontFamily": "TTCommons-Medium",
                  "fontSize": 28,
                  "letterSpacing": 0,
                  "lineHeight": 32,
                },
                Object {
                  "marginBottom": 32,
                },
              ]
            }
          >
            AusweisScanner.header
          </Text>
          <View
            style={
              Object {
                "alignItems": "center",
                "height": 156,
                "justifyContent": "center",
                "width": 156,
              }
            }
          >
            <View
              style={
                Object {
                  "alignItems": "center",
                  "bottom": 0,
                  "justifyContent": "center",
                  "left": 0,
                  "opacity": 0,
                  "position": "absolute",
                  "right": 0,
                  "top": 0,
                }
              }
            >
              <RNSVGSvgView
                align="xMidYMid"
                bbHeight="100%"
                bbWidth="100%"
                focusable={false}
                height="100%"
                meetOrSlice={0}
                minX={0}
                minY={0}
                style={
                  Array [
                    Object {
                      "backgroundColor": "transparent",
                      "borderWidth": 0,
                    },
                    Object {
                      "flex": 0,
                      "height": "100%",
                      "width": "100%",
                    },
                  ]
                }
                vbHeight={156}
                vbWidth={156}
                width="100%"
                xmlns="http://www.w3.org/2000/svg"
              >
                <RNSVGGroup>
                  <RNSVGGroup
                    fill={null}
                    fillRule={0}
                    propList={
                      Array [
                        "fill",
                        "fillRule",
                      ]
                    }
                  >
                    <RNSVGEllipse
                      cx={77.805}
                      cy={78}
                      fill={-13158601}
                      propList={
                        Array [
                          "fill",
                          "stroke",
                          "strokeWidth",
                        ]
                      }
                      rx={76.805}
                      ry={77}
                      stroke={-1}
                      strokeWidth={2}
                    />
                    <RNSVGGroup
                      matrix={
                        Array [
                          1,
                          0,
                          0,
                          1,
                          12.593,
                          30.982,
                        ]
                      }
                      propList={
                        Array [
                          "stroke",
                        ]
                      }
                      stroke={-1}
                    >
                      <RNSVGPath
                        d="M9.894 28.983C3.298 40.105 0 47.32 0 50.625c0 3.306.734 14.592 2.2 33.858l-.785 6.41 19.907 19.125"
                        fill={-14737633}
                        propList={
                          Array [
                            "fill",
                            "strokeWidth",
                            "strokeLinecap",
                          ]
                        }
                        strokeLinecap={2}
                        strokeWidth={1.579}
                      />
                      <RNSVGRect
                        fill={-16743169}
                        height={44.36}
                        propList={
                          Array [
                            "fill",
                            "strokeWidth",
                          ]
                        }
                        rx={4.212}
                        strokeWidth={1.579}
                        width={75.415}
                        x={10.084}
                        y={0.79}
                      />
                      <RNSVGPath
                        d="M9.82 66.672c1.643-4.573 2.683-7.733 3.12-9.477 1.969-7.87-.446-8.425 1.783-14.743 1.475-4.184 6.19-14.977 6.685-15.27 3.106-1.835 6.078 3.92 6.24 9.478.072 2.459-1.678 7.214-2.229 12.637-.431 4.25 1.337 10.38 1.337 21.588 0 6.845-3.377 6.923-5.348 13.163-.407 1.289-.407 3.57 0 6.845l-.05 19.094"
                        fill={-14737633}
                        propList={
                          Array [
                            "fill",
                            "strokeWidth",
                            "strokeLinecap",
                          ]
                        }
                        strokeLinecap={2}
                        strokeWidth={1.579}
                      />
                      <RNSVGPath
                        d="M60.917 11.717c3.502 3.915 5.253 8.074 5.253 12.478 0 4.403-1.751 8.318-5.253 11.743"
                        propList={
                          Array [
                            "strokeWidth",
                            "strokeLinecap",
                          ]
                        }
                        strokeLinecap={2}
                        strokeWidth={1.8}
                      />
                      <RNSVGPath
                        d="M58.834 16.983c2.089 2.227 3.134 4.557 3.134 6.99 0 2.44-1.05 4.673-3.152 6.7m-2.393-9.629c1.192 1.028 1.789 2.103 1.789 3.226 0 1.126-.6 2.157-1.8 3.092"
                        propList={
                          Array [
                            "strokeWidth",
                            "strokeLinecap",
                          ]
                        }
                        strokeLinecap={2}
                        strokeWidth={1.8}
                      />
                    </RNSVGGroup>
                    <RNSVGGroup
                      matrix={
                        Array [
                          1,
                          0,
                          0,
                          1,
                          69.7,
                          22.724,
                        ]
                      }
                    >
                      <RNSVGPath
                        d="M54.706 57.713c5.403 6.23 9.456 11.24 12.157 15.032 2.702 3.791 1.112 15.87-4.769 36.236l-.094.732c-3.907 4.17-6.91 7.023-9.008 8.563-2.098 1.54-5.257 3.206-9.476 5"
                        fill={-14737633}
                        propList={
                          Array [
                            "fill",
                            "stroke",
                            "strokeWidth",
                            "strokeLinecap",
                          ]
                        }
                        stroke={-1}
                        strokeLinecap={2}
                        strokeWidth={1.579}
                      />
                      <RNSVGPath
                        d="M23.128 7.35a6.552 6.552 0 013.062-3.997 6.558 6.558 0 014.993-.66l31.562 8.47a6.572 6.572 0 013.995 3.07 6.571 6.571 0 01.66 4.993L46.943 95.661a6.552 6.552 0 01-3.062 3.997 6.558 6.558 0 01-4.993.659l-31.562-8.47a6.572 6.572 0 01-3.995-3.07 6.571 6.571 0 01-.661-4.993z"
                        fill={-14737633}
                        propList={
                          Array [
                            "fill",
                            "stroke",
                            "strokeWidth",
                          ]
                        }
                        stroke={-1}
                        strokeWidth={1.579}
                      />
                      <RNSVGPath
                        d="M57.626 88.704c-1.718-4.58-2.806-7.745-3.262-9.493-2.058-7.882.466-8.438-1.864-14.766-1.543-4.191-6.47-15-6.99-15.294-3.246-1.838-6.353 3.927-6.523 9.493-.075 2.462 1.754 7.225 2.33 12.657.452 4.257-1.398 10.397-1.398 21.622 0 6.856 3.53 6.934 5.592 13.184.426 1.291.426 3.577 0 6.856l-1.746 10.563"
                        fill={-14737633}
                        propList={
                          Array [
                            "fill",
                            "stroke",
                            "strokeWidth",
                            "strokeLinecap",
                          ]
                        }
                        stroke={-1}
                        strokeLinecap={2}
                        strokeWidth={1.579}
                      />
                      <RNSVGEllipse
                        cx={24.96}
                        cy={87.649}
                        fill={-14737633}
                        propList={
                          Array [
                            "fill",
                            "stroke",
                          ]
                        }
                        rx={4.241}
                        ry={4.246}
                        stroke={-1}
                      />
                      <RNSVGPath
                        d="M40.877 9.418l11.142 3.199c.559.16.882.743.722 1.302l-.086.302a1.052 1.052 0 01-1.302.722L40.21 11.744a1.055 1.055 0 01-.722-1.303l.086-.301a1.052 1.052 0 011.303-.722z"
                        fill={-1}
                        propList={
                          Array [
                            "fill",
                          ]
                        }
                      />
                    </RNSVGGroup>
                  </RNSVGGroup>
                </RNSVGGroup>
              </RNSVGSvgView>
            </View>
            <View
              style={
                Object {
                  "alignItems": "center",
                  "bottom": 0,
                  "justifyContent": "center",
                  "left": 0,
                  "opacity": 0,
                  "position": "absolute",
                  "right": 0,
                  "top": 0,
                }
              }
            >
              <View
                style={
                  Object {
                    "alignItems": "center",
                    "height": 74,
                    "justifyContent": "center",
                    "width": 74,
                  }
                }
              >
                <View
                  style={
                    Object {
                      "borderColor": "#ffffff",
                      "borderRadius": 9,
                      "borderWidth": 1,
                      "height": 18,
                      "opacity": 1.3333333333333333,
                      "overflow": "hidden",
                      "position": "absolute",
                      "transform": Array [
                        Object {
                          "scale": 1,
                        },
                      ],
                      "width": 18,
                    }
                  }
                />
                <View
                  style={
                    Object {
                      "borderColor": "#ffffff",
                      "borderRadius": 9,
                      "borderWidth": 1,
                      "height": 18,
                      "opacity": 1.6666666666666665,
                      "overflow": "hidden",
                      "position": "absolute",
                      "transform": Array [
                        Object {
                          "scale": 0,
                        },
                      ],
                      "width": 18,
                    }
                  }
                />
              </View>
            </View>
            <View
              style={
                Object {
                  "alignItems": "center",
                  "bottom": 0,
                  "justifyContent": "center",
                  "left": 0,
                  "opacity": 0,
                  "position": "absolute",
                  "right": 0,
                  "top": 0,
                }
              }
            >
              <View
                style={
                  Object {
                    "alignItems": "center",
                    "height": 74,
                    "justifyContent": "center",
                    "width": 74,
                  }
                }
              >
                <RNSVGSvgView
                  align="xMidYMid"
                  bbHeight="100%"
                  bbWidth="100%"
                  focusable={false}
                  height="100%"
                  meetOrSlice={0}
                  minX={0}
                  minY={0}
                  style={
                    Array [
                      Object {
                        "backgroundColor": "transparent",
                        "borderWidth": 0,
                      },
                      Object {
                        "flex": 0,
                        "height": "100%",
                        "width": "100%",
                      },
                    ]
                  }
                  vbHeight={24}
                  vbWidth={32}
                  width="100%"
                >
                  <RNSVGGroup>
                    <RNSVGPath
                      d="M31.333.357a1.219 1.219 0 00-1.724 0L9.852 20.114 2.08 12.343a1.219 1.219 0 10-1.724 1.724L8.99 22.7a1.22 1.22 0 001.724 0L31.333 2.08a1.219 1.219 0 000-1.723z"
                      fill={-1}
                      fillRule={1}
                      propList={
                        Array [
                          "fill",
                          "fillRule",
                        ]
                      }
                    />
                  </RNSVGGroup>
                </RNSVGSvgView>
              </View>
            </View>
            <View
              style={
                Object {
                  "alignItems": "center",
                  "bottom": 0,
                  "justifyContent": "center",
                  "left": 0,
                  "opacity": 0,
                  "position": "absolute",
                  "right": 0,
                  "top": 0,
                }
              }
            >
              <View
                style={
                  Object {
                    "alignItems": "center",
                    "height": 74,
                    "justifyContent": "center",
                    "width": 74,
                  }
                }
              >
                <RNSVGSvgView
                  align="xMidYMid"
                  bbHeight="100%"
                  bbWidth="100%"
                  focusable={false}
                  height="100%"
                  meetOrSlice={0}
                  minX={0}
                  minY={0}
                  style={
                    Array [
                      Object {
                        "backgroundColor": "transparent",
                        "borderWidth": 0,
                      },
                      Object {
                        "flex": 0,
                        "height": "100%",
                        "width": "100%",
                      },
                    ]
                  }
                  vbHeight={24}
                  vbWidth={24}
                  width="100%"
                >
                  <RNSVGGroup>
                    <RNSVGPath
                      d="M10.852 12.004L.23 22.7a.764.764 0 000 1.076.75.75 0 001.068 0L12 13l10.703 10.778a.75.75 0 001.069 0 .764.764 0 000-1.076L13.148 12.004l10.63-10.706a.764.764 0 000-1.075.752.752 0 00-1.067 0L12 11.008 1.289.223a.752.752 0 00-1.068 0 .764.764 0 000 1.076l10.631 10.705z"
                      fill={-1}
                      fillRule={1}
                      propList={
                        Array [
                          "fill",
                          "fillRule",
                        ]
                      }
                    />
                  </RNSVGGroup>
                </RNSVGSvgView>
              </View>
            </View>
          </View>
          <Text
            style={
              Array [
                Object {
                  "paddingTop": undefined,
                  "textAlign": "center",
                },
                Object {
                  "color": "#ffffff",
                  "fontFamily": "TTCommons-Regular",
                  "fontSize": 20,
                  "letterSpacing": 0.14,
                  "lineHeight": 22,
                },
                Object {
                  "marginTop": 36,
                  "paddingHorizontal": 10,
                },
              ]
            }
          >
            AusweisScanner.startSubheader
          </Text>
        </View>
        <View
          accessible={true}
          focusable={true}
          onClick={[Function]}
          onResponderGrant={[Function]}
          onResponderMove={[Function]}
          onResponderRelease={[Function]}
          onResponderTerminate={[Function]}
          onResponderTerminationRequest={[Function]}
          onStartShouldSetResponder={[Function]}
          style={
            Object {
              "alignItems": "center",
              "borderRadius": 8,
              "justifyContent": "center",
              "marginVertical": 5,
              "opacity": 1,
              "width": "100%",
            }
          }
          testID="button"
        >
          <View
            style={
              Array [
                Array [
                  Object {
                    "alignItems": "center",
                    "borderRadius": 8,
                    "justifyContent": "center",
                    "width": "100%",
                  },
                  false,
                  Object {
                    "marginVertical": 5,
                  },
                ],
                Object {
                  "backgroundColor": "rgba(81, 81, 81, 0.18)",
                },
                undefined,
                Object {
                  "height": 45,
                },
              ]
            }
          >
            <Text
              style={
                Array [
                  Object {
                    "color": "#ffffff",
                    "paddingTop": undefined,
                    "textAlignVertical": "center",
                  },
                  Object {
                    "color": "#ffffff",
                    "fontFamily": "TTCommons-Medium",
                    "opacity": 0.8,
                  },
                  Object {
                    "fontSize": 18,
                  },
                  Object {},
                ]
              }
            >
              AusweisScanner.cancelBtn
            </Text>
          </View>
        </View>
      </View>
    </View>
  </View>
</RNCSafeAreaView>
`;
