// Jest Snapshot v1, https://goo.gl/fbAQLP

exports[`dbHelper should correctly assemble table creation query 1`] = `"CREATE TABLE IF NOT EXISTS Personas (did VARCHAR(20) NOT NULL PRIMARY KEY, FOREIGN KEY(controllingKey) REFERENCES Keys(id) )"`;

exports[`dbHelper should correctly assemble table creation query 2`] = `"CREATE TABLE IF NOT EXISTS Keys (id INTEGER PRIMARY KEY NOT NULL UNIQUE, FOREIGN KEY(entropySource) REFERENCES MasterKeys(id) )"`;
